// Jest Snapshot v1, https://goo.gl/fbAQLP

exports[`<FilterItem/> component tests:  Component should be equal to its snapshot 1`] = `
<section
  className={undefined}
>
  <div
    className={undefined}
  >
    <input
      onClick={[Function]}
      type="checkbox"
      value="abc-news"
    />
    <a
      href="#"
    >
      abc-news
    </a>
  </div>
</section>
`;
